---
source: libs/updraft_airspace/tests/airspace_geojson.rs
expression: "dataset.airspaces()[0].to_geojson()"
---
{
  "geometry": {
    "coordinates": [
      [
        [
          10.0,
          50.0
        ],
        [
          10.016666666666667,
          50.0
        ],
        [
          10.016666666666667,
          50.016666666666666
        ],
        [
          10.0,
          50.016666666666666
        ],
        [
          10.0,
          50.0
        ]
      ]
    ],
    "type": "Polygon"
  },
  "id": 0,
  "properties": {
    "icaoClass": 3,
    "lowerLimit": {
      "referenceDatum": 0,
      "unit": 0,
      "value": 0
    },
    "name": "Polygon",
    "type": 0,
    "upperLimit": {
      "referenceDatum": 1,
      "unit": 1,
      "value": 5000
    }
  },
  "type": "Feature"
}
