---
source: libs/updraft_core/src/sensor_fusion/recorded_flight_tests.rs
expression: report
---
quantity           unit        n    rms    mae   bias   corr
total energy       m/s    17581   0.47   0.36  -0.01   0.96
-- without an airspeed sensor --
smoothed climb     m/s    17581   1.29   0.96  -0.01   0.82
