---
source: libs/updraft_core/src/core.rs
expression: "lines.join(\"\\n\")"
---
[TIME] DEBUG connection_lifecycle_reports_endpoint_and_delivered_bytes: updraft_core::connection_diagnostics: Connecting device_id=ExternalDeviceId(1) endpoint=Tcp { host: "127.0.0.1", port: 4353 }
[TIME]  INFO connection_lifecycle_reports_endpoint_and_delivered_bytes: updraft_core::connection_diagnostics: Connected device_id=ExternalDeviceId(1) endpoint=Tcp { host: "127.0.0.1", port: 4353 }
[TIME]  INFO connection_lifecycle_reports_endpoint_and_delivered_bytes: updraft_core::connection_diagnostics: First bytes device_id=ExternalDeviceId(1) endpoint=Tcp { host: "127.0.0.1", port: 4353 }
[TIME]  INFO connection_lifecycle_reports_endpoint_and_delivered_bytes: updraft_core::connection_diagnostics: Disconnected device_id=ExternalDeviceId(1) endpoint=Tcp { host: "127.0.0.1", port: 4353 } delivered_bytes=5
