---
source: libs/updraft_core/src/topic.rs
expression: topic
---
{
  "topic": "instruments",
  "value": {
    "gps": {
      "position": {
        "latitudeDegrees": 50.823,
        "longitudeDegrees": 6.186
      },
      "altitudeMeters": null,
      "groundSpeedMetersPerSecond": 45.0,
      "trackDegrees": 270.0,
      "fixTime": {
        "type": "utcInstant",
        "unixMilliseconds": 1767268800000
      },
      "stale": false
    },
    "pressureAltitude": {
      "meters": 1000.0,
      "stale": true
    },
    "trueAirspeed": {
      "metersPerSecond": 50.0,
      "stale": false
    },
    "derived": {
      "rawVerticalSpeed": {
        "metersPerSecond": 1.2,
        "stale": false
      },
      "verticalSpeed": {
        "metersPerSecond": 1.1,
        "stale": false
      },
      "vario": {
        "metersPerSecond": 1.5,
        "stale": true
      }
    }
  }
}
