---
source: libs/updraft_core/tests/scenario/external_devices.rs
expression: mutation_effects(&effects)
---
external devices []
persist settings SettingsSnapshot { settings: Settings { locale: None, polar: PolarId("LS 8"), units: UnitSettings { altitude: Meters, distance: Kilometers, speed: KilometersPerHour, vertical_speed: MetersPerSecond } }, external_devices: [] }
