---
source: libs/updraft_core/tests/scenario/tasks.rs
expression: progress
---
[
  {
    "progress": {
      "finish": null,
      "reached": 1,
      "start": {
        "unixMilliseconds": 1789905601749
      }
    },
    "target": 1
  },
  {
    "progress": {
      "finish": null,
      "reached": 2,
      "start": {
        "unixMilliseconds": 1789905601749
      }
    },
    "target": 2
  },
  {
    "progress": {
      "finish": {
        "unixMilliseconds": 1789905604679
      },
      "reached": 3,
      "start": {
        "unixMilliseconds": 1789905601749
      }
    },
    "target": null
  }
]
