---
source: libs/updraft_nmea/tests/fixture.rs
expression: opening
---
[
    Frame(
        Unknown(
            Unknown {
                sentence: "PFLAA,0,-1540,-1020,-1126,1,39103C!FJLKN,93,0,33,4.9,8",
            },
        ),
    ),
    Frame(
        Unknown(
            Unknown {
                sentence: "PFLAU,11,1,2,1,0,,0,,,",
            },
        ),
    ),
    Frame(
        Gsa(
            Gsa {
                talker: Gps,
                selection_mode: Automatic,
                fix_type: ThreeDimensional,
                satellites: [],
                pdop: Some(
                    1.0,
                ),
                hdop: Some(
                    1.0,
                ),
                vdop: Some(
                    1.0,
                ),
            },
        ),
    ),
    Frame(
        Unknown(
            Unknown {
                sentence: "PFLAA,0,-40770,-41860,8108,1,392AEB,101,0,233,0.0,0",
            },
        ),
    ),
    Frame(
        Rmc(
            Rmc {
                talker: Gps,
                utc_time: Some(
                    Time {
                        hour: 13,
                        minute: 47,
                        seconds: 49.6,
                    },
                ),
                status: Active,
                position: Some(
                    LatLon {
                        latitude: 48.964695°,
                        longitude: 7.0973215000000005°,
                    },
                ),
                speed_over_ground: Some(
                    18.468555555555557 m/s,
                ),
                course_over_ground: Some(
                    270.6°,
                ),
                date: Some(
                    Date {
                        year: 2024,
                        month: 12,
                        day: 28,
                    },
                ),
                magnetic_variation: None,
                mode: Some(
                    Differential,
                ),
            },
        ),
    ),
    Frame(
        Gga(
            Gga {
                talker: Gps,
                utc_time: Some(
                    Time {
                        hour: 13,
                        minute: 47,
                        seconds: 49.6,
                    },
                ),
                position: Some(
                    LatLon {
                        latitude: 48.964695°,
                        longitude: 7.0973215000000005°,
                    },
                ),
                fix_quality: Dgps,
                satellites_used: Some(
                    25,
                ),
                hdop: Some(
                    1.0,
                ),
                altitude: Some(
                    1452 m,
                ),
                geoid_separation: Some(
                    47.2 m,
                ),
                dgps_age: None,
                dgps_station: None,
            },
        ),
    ),
    Frame(
        Pgrmz(
            Pgrmz {
                altitude: Some(
                    1339.596 m,
                ),
                fix_dimension: ThreeDimensional,
            },
        ),
    ),
]
