// Vitest Snapshot v1, https://vitest.dev/guide/snapshot.html

exports[`adds the airspace source and both layers for the active state 1`] = `
{
  "layers": [
    {
      "id": "airspace-fill",
      "paint": {
        "fill-color": [
          "match",
          [
            "get",
            "type",
          ],
          [
            1,
            2,
            3,
            19,
            29,
          ],
          "#e7000b",
          [
            5,
            6,
            22,
          ],
          "#7f22fe",
          [
            21,
            28,
          ],
          "#00a63e",
          [
            4,
            7,
            13,
            15,
            26,
            27,
            36,
          ],
          "#155dfc",
          [
            "match",
            [
              "get",
              "class",
            ],
            [
              0,
              1,
              2,
              3,
              4,
            ],
            "#155dfc",
            "#62748e",
          ],
        ],
        "fill-opacity": [
          "match",
          [
            "get",
            "type",
          ],
          [
            1,
            2,
            3,
            19,
            29,
          ],
          0.18,
          [
            5,
            6,
            22,
          ],
          0.14,
          [
            21,
            28,
          ],
          0.12,
          [
            4,
            7,
            13,
            15,
            26,
            27,
            36,
          ],
          0.12,
          [
            "match",
            [
              "get",
              "class",
            ],
            [
              0,
              1,
              2,
              3,
              4,
            ],
            0.12,
            0.08,
          ],
        ],
      },
      "source": "airspace",
      "type": "fill",
    },
    {
      "id": "airspace-outline",
      "paint": {
        "line-color": [
          "match",
          [
            "get",
            "type",
          ],
          [
            1,
            2,
            3,
            19,
            29,
          ],
          "#c10007",
          [
            5,
            6,
            22,
          ],
          "#7008e7",
          [
            21,
            28,
          ],
          "#008236",
          [
            4,
            7,
            13,
            15,
            26,
            27,
            36,
          ],
          "#1447e6",
          [
            "match",
            [
              "get",
              "class",
            ],
            [
              0,
              1,
              2,
              3,
              4,
            ],
            "#1447e6",
            "#45556c",
          ],
        ],
        "line-width": [
          "match",
          [
            "get",
            "type",
          ],
          [
            1,
            2,
            3,
            19,
            29,
          ],
          2,
          [
            5,
            6,
            22,
          ],
          1.5,
          [
            21,
            28,
          ],
          1.5,
          [
            4,
            7,
            13,
            15,
            26,
            27,
            36,
          ],
          1.5,
          [
            "match",
            [
              "get",
              "class",
            ],
            [
              0,
              1,
              2,
              3,
              4,
            ],
            1.5,
            1,
          ],
        ],
      },
      "source": "airspace",
      "type": "line",
    },
  ],
  "source": {
    "maxzoom": 24,
    "type": "geojson",
  },
}
`;
