// Vitest Snapshot v1, https://vitest.dev/guide/snapshot.html

exports[`adds the airspace source and styled layers for the active state 1`] = `
{
  "layers": [
    {
      "filter": [
        "any",
        [
          "in",
          [
            "get",
            "type",
          ],
          [
            "literal",
            [
              4,
              21,
              6,
              13,
              23,
              24,
              25,
              1,
              2,
              3,
              29,
              19,
            ],
          ],
        ],
        [
          "in",
          [
            "get",
            "icaoClass",
          ],
          [
            "literal",
            [
              0,
              1,
              2,
              3,
            ],
          ],
        ],
      ],
      "id": "airspace-inner-band",
      "layout": {
        "line-sort-key": [
          "match",
          [
            "get",
            "type",
          ],
          [
            1,
            2,
            3,
            29,
            19,
          ],
          2,
          [
            4,
            21,
            6,
            13,
            23,
            24,
            25,
          ],
          0,
          1,
        ],
      },
      "paint": {
        "line-color": [
          "match",
          [
            "get",
            "type",
          ],
          4,
          "#e7000b",
          21,
          "#fdc700",
          [
            6,
            13,
            23,
            24,
          ],
          "#155dfc",
          [
            "match",
            [
              "get",
              "type",
            ],
            [
              1,
              2,
              3,
              29,
            ],
            "#c10007",
            5,
            "#314158",
            21,
            "#d08700",
            25,
            "#45556c",
            [
              19,
              10,
              11,
              33,
            ],
            "#008236",
            "#1447e6",
          ],
        ],
        "line-offset": [
          "interpolate",
          [
            "linear",
          ],
          [
            "zoom",
          ],
          6,
          0,
          8,
          [
            "match",
            [
              "get",
              "type",
            ],
            21,
            5,
            3.5,
          ],
        ],
        "line-opacity": [
          "match",
          [
            "get",
            "type",
          ],
          21,
          0.25,
          0.2,
        ],
        "line-width": [
          "interpolate",
          [
            "linear",
          ],
          [
            "zoom",
          ],
          6,
          0,
          8,
          [
            "match",
            [
              "get",
              "type",
            ],
            21,
            10,
            7,
          ],
        ],
      },
      "source": "airspace",
      "type": "line",
    },
    {
      "filter": undefined,
      "id": "airspace-outline",
      "layout": {
        "line-cap": [
          "match",
          [
            "get",
            "type",
          ],
          [
            33,
            25,
          ],
          "round",
          "butt",
        ],
        "line-sort-key": [
          "match",
          [
            "get",
            "type",
          ],
          [
            33,
            25,
          ],
          4,
          5,
          3,
          [
            6,
            13,
            23,
            24,
          ],
          2,
          [
            1,
            2,
            3,
            29,
            4,
          ],
          1,
          0,
        ],
      },
      "paint": {
        "line-color": [
          "match",
          [
            "get",
            "type",
          ],
          [
            1,
            2,
            3,
            29,
          ],
          "#c10007",
          5,
          "#314158",
          21,
          "#d08700",
          25,
          "#45556c",
          [
            19,
            10,
            11,
            33,
          ],
          "#008236",
          "#1447e6",
        ],
        "line-dasharray": [
          "match",
          [
            "get",
            "type",
          ],
          [
            33,
            25,
          ],
          [
            "literal",
            [
              0,
              3,
            ],
          ],
          5,
          [
            "literal",
            [
              4,
              3,
              1,
              3,
            ],
          ],
          [
            6,
            13,
            23,
            24,
          ],
          [
            "literal",
            [
              3,
              3,
            ],
          ],
          [
            1,
            2,
            3,
            29,
            4,
          ],
          [
            "literal",
            [
              4,
              3,
            ],
          ],
          [
            "literal",
            [
              1,
              0,
            ],
          ],
        ],
        "line-opacity": [
          "match",
          [
            "get",
            "type",
          ],
          21,
          0.8,
          1,
        ],
        "line-width": [
          "match",
          [
            "get",
            "type",
          ],
          [
            10,
            11,
            33,
          ],
          1.5,
          2,
        ],
      },
      "source": "airspace",
      "type": "line",
    },
  ],
  "source": {
    "maxzoom": 24,
    "type": "geojson",
  },
}
`;
