---
source: tauri/src/waypoints/arrival_resource.rs
expression: geojson
---
{
  "features": [
    {
      "geometry": {
        "coordinates": [
          0.0,
          0.0
        ],
        "type": "Point"
      },
      "id": "7:1:0",
      "properties": {
        "arrivalMarginMeters": 0.0,
        "arrivalStale": false,
        "arrivalStatus": "reachable",
        "catalogGeneration": 7,
        "kind": 2,
        "name": "Field",
        "runwayDirection": 90
      },
      "type": "Feature"
    }
  ],
  "type": "FeatureCollection"
}
