---
source: libs/updraft_core/src/core_tests/settings.rs
expression: snapshot
---
{
  "energyCompensation": true,
  "climbAverageMethod": "smoothed20s",
  "locale": "de",
  "polar": "LS 8",
  "arrivalReserve": 200.0,
  "units": {
    "altitude": "m",
    "distance": "km",
    "speed": "km/h",
    "verticalSpeed": "m/s"
  },
  "externalDevices": []
}
