---
source: libs/updraft_core/src/core_tests/external_devices.rs
expression: "lines.join(\"\\n\")"
---
[TIME]  INFO edit_external_device_resets_diagnostics_state: updraft_core::connection_diagnostics: Connected device_id=ExternalDeviceId(1) endpoint=Tcp { host: "127.0.0.1", port: 4353 }
[TIME]  INFO edit_external_device_resets_diagnostics_state: updraft_core::connection_diagnostics: First bytes device_id=ExternalDeviceId(1) endpoint=Tcp { host: "127.0.0.1", port: 4353 }
[TIME] DEBUG edit_external_device_resets_diagnostics_state: updraft_core::connection_diagnostics: Disconnected device_id=ExternalDeviceId(1) endpoint=Tcp { host: "192.0.2.1", port: 10110 }
