---
source: libs/updraft_air/tests/recorded_flight.rs
expression: report
---
quantity           unit        n    rms    mae   bias   corr
vertical speed     m/s    18811   0.48   0.36  -0.01   0.97
netto              m/s    18811   1.34   1.00  -0.14   0.73
wind speed         m/s    13357   1.72   1.31  -0.25   0.53
wind direction     deg    13357  16.83  12.64  -1.12      -
