---
source: libs/updraft_lxg/tests/snapshot.rs
expression: file
---
LxgFile {
    version: 255,
    root: Section {
        entries: [
            (
                15900,
                Section(
                    Section {
                        entries: [
                            (
                                15901,
                                Section(
                                    Section {
                                        entries: [
                                            (
                                                16000,
                                                Section(
                                                    Section {
                                                        entries: [
                                                            (
                                                                16001,
                                                                Str(""),
                                                            ),
                                                            (
                                                                16020,
                                                                Str("DG-800B"),
                                                            ),
                                                            (
                                                                16021,
                                                                U16(4),
                                                            ),
                                                            (
                                                                16002,
                                                                F32(1.05),
                                                            ),
                                                            (
                                                                16003,
                                                                F32(-1.42),
                                                            ),
                                                            (
                                                                16004,
                                                                F32(0.93),
                                                            ),
                                                            (
                                                                16012,
                                                                F32(11.81),
                                                            ),
                                                            (
                                                                16005,
                                                                F32(34.0),
                                                            ),
                                                            (
                                                                16015,
                                                                F32(0.0044041667),
                                                            ),
                                                            (
                                                                16009,
                                                                I32(352),
                                                            ),
                                                            (
                                                                16007,
                                                                I32(402),
                                                            ),
                                                            (
                                                                16008,
                                                                I32(525),
                                                            ),
                                                            (
                                                                16017,
                                                                Bin(0x00),
                                                            ),
                                                            (
                                                                16034,
                                                                F32(103.0),
                                                            ),
                                                            (
                                                                16035,
                                                                F32(-16384.0),
                                                            ),
                                                            (
                                                                16014,
                                                                F32(15.855),
                                                            ),
                                                            (
                                                                16036,
                                                                F32(-16384.0),
                                                            ),
                                                            (
                                                                16037,
                                                                F32(-16384.0),
                                                            ),
                                                            (
                                                                16038,
                                                                F32(-16384.0),
                                                            ),
                                                            (
                                                                16039,
                                                                F32(100.0),
                                                            ),
                                                            (
                                                                16013,
                                                                F32(-16384.0),
                                                            ),
                                                            (
                                                                16040,
                                                                I32(560),
                                                            ),
                                                            (
                                                                16041,
                                                                I32(-550),
                                                            ),
                                                            (
                                                                16042,
                                                                I32(-16384),
                                                            ),
                                                            (
                                                                16043,
                                                                I32(335),
                                                            ),
                                                            (
                                                                16044,
                                                                I32(-16384),
                                                            ),
                                                            (
                                                                16045,
                                                                I32(-16384),
                                                            ),
                                                            (
                                                                16046,
                                                                I32(-16384),
                                                            ),
                                                            (
                                                                16047,
                                                                I32(171),
                                                            ),
                                                            (
                                                                16048,
                                                                I32(-16384),
                                                            ),
                                                            (
                                                                16049,
                                                                I32(-16384),
                                                            ),
                                                            (
                                                                16050,
                                                                I32(-16384),
                                                            ),
                                                            (
                                                                16051,
                                                                I32(-16384),
                                                            ),
                                                            (
                                                                16016,
                                                                U8(1),
                                                            ),
                                                            (
                                                                16055,
                                                                Str(""),
                                                            ),
                                                            (
                                                                16056,
                                                                Str(""),
                                                            ),
                                                            (
                                                                16057,
                                                                Str(""),
                                                            ),
                                                        ],
                                                    },
                                                ),
                                            ),
                                            (
                                                16500,
                                                Section(
                                                    Section {
                                                        entries: [
                                                            (
                                                                16501,
                                                                F32(16.944445),
                                                            ),
                                                            (
                                                                16502,
                                                                F32(25.0),
                                                            ),
                                                            (
                                                                16503,
                                                                F32(41.666668),
                                                            ),
                                                            (
                                                                16504,
                                                                F32(52.77778),
                                                            ),
                                                            (
                                                                16505,
                                                                F32(75.0),
                                                            ),
                                                            (
                                                                16506,
                                                                F32(29.166666),
                                                            ),
                                                            (
                                                                16507,
                                                                F32(25.0),
                                                            ),
                                                            (
                                                                16508,
                                                                Array { ext_type: 0x2B, data: 0x8ee3a841721cbf41721cd34155550f4200002a4200009642398e9642721c9742abaa9742e4389842 },
                                                            ),
                                                            (
                                                                16511,
                                                                F32(1.3935526e-38),
                                                            ),
                                                            (
                                                                16509,
                                                                F32(5.41316e-39),
                                                            ),
                                                            (
                                                                16510,
                                                                F32(3.1096396e32),
                                                            ),
                                                        ],
                                                    },
                                                ),
                                            ),
                                            (
                                                62100,
                                                Section(
                                                    Section {
                                                        entries: [
                                                            (
                                                                62102,
                                                                Array { ext_type: 0x27, data: 0x2b38002b35003000002d35002d31302d3134000000000000000000000000 },
                                                            ),
                                                        ],
                                                    },
                                                ),
                                            ),
                                            (
                                                16090,
                                                Section(
                                                    Section {
                                                        entries: [
                                                            (
                                                                16091,
                                                                U8(0),
                                                            ),
                                                            (
                                                                16092,
                                                                Array { ext_type: 0x2B, data: 0x000080c6000080c6000080c6000080c6000080c6000080c6000080c6000080c6000080c6000080c6000080c6000080c6000080c6000080c6000080c6000080c6000080c6000080c6000080c6000080c6 },
                                                            ),
                                                            (
                                                                16093,
                                                                Array { ext_type: 0x2B, data: 0x000080c6000080c6000080c6000080c6000080c6000080c6000080c6000080c6000080c6000080c6000080c6000080c6000080c6000080c6000080c6000080c6000080c6000080c6000080c6000080c6 },
                                                            ),
                                                            (
                                                                16094,
                                                                F32(0.5),
                                                            ),
                                                        ],
                                                    },
                                                ),
                                            ),
                                            (
                                                15990,
                                                Section(
                                                    Section {
                                                        entries: [
                                                            (
                                                                15992,
                                                                Array { ext_type: 0x2B, data: 0x000080c6000080c6000080c6000080c6000080c6000080c6000080c6000080c6000080c6000080c6 },
                                                            ),
                                                            (
                                                                15993,
                                                                Array { ext_type: 0x2B, data: 0x000080c6000080c6000080c6000080c6000080c6000080c6000080c6000080c6000080c6000080c6 },
                                                            ),
                                                            (
                                                                15994,
                                                                Array { ext_type: 0x2B, data: 0x000080c6000080c6000080c6000080c6000080c6000080c6000080c6000080c6000080c6000080c6 },
                                                            ),
                                                            (
                                                                15995,
                                                                Array { ext_type: 0x2B, data: 0x000080c6000080c6000080c6000080c6000080c6000080c6000080c6000080c6000080c6000080c6 },
                                                            ),
                                                            (
                                                                15996,
                                                                Array { ext_type: 0x2B, data: 0x000080c6000080c6000080c6000080c6000080c6000080c6000080c6000080c6000080c6000080c6 },
                                                            ),
                                                            (
                                                                15997,
                                                                Array { ext_type: 0x2B, data: 0x000080c6000080c6000080c6000080c6000080c6000080c6000080c6000080c6000080c6000080c6 },
                                                            ),
                                                        ],
                                                    },
                                                ),
                                            ),
                                        ],
                                    },
                                ),
                            ),
                        ],
                    },
                ),
            ),
        ],
    },
}
