// Vitest Snapshot v1, https://vitest.dev/guide/snapshot.html

exports[`FakeClient > delivers onboarding topics when a subscriber connects 1`] = `
[
  {
    "topic": "navigation",
    "value": null,
  },
  {
    "topic": "recentTargets",
    "value": [],
  },
  {
    "topic": "task",
    "value": {
      "current": null,
      "finish": null,
      "nextId": 0,
      "points": [],
      "restartAllowed": false,
      "start": null,
      "status": "stopped",
    },
  },
  {
    "topic": "taskSaveFailed",
    "value": false,
  },
  {
    "topic": "pinnedTargets",
    "value": [],
  },
  {
    "topic": "settings",
    "value": {
      "arrivalReserve": 200,
      "climbAverageMethod": "smoothed20s",
      "energyCompensation": true,
      "flarmPositionCorrection": true,
      "hillshadeDirection": "fixed",
      "locale": null,
      "polar": "LS 8",
      "units": {
        "altitude": "m",
        "distance": "km",
        "speed": "km/h",
        "verticalSpeed": "m/s",
      },
    },
  },
  {
    "topic": "glidePerformance",
    "value": {
      "ballast": 0,
      "bugs": 0,
      "macCready": 0,
    },
  },
  {
    "topic": "externalDevices",
    "value": [],
  },
  {
    "topic": "airspace",
    "value": {
      "generation": 0,
      "sources": [],
    },
  },
  {
    "topic": "waypoints",
    "value": {
      "generation": 0,
      "sources": [],
    },
  },
  {
    "topic": "traffic",
    "value": {
      "type": "snapshot",
      "value": [],
    },
  },
]
`;
